Γû▓ Next.js 16.1.4 (Turbopack)
- Environments: .env.local

  Creating an optimized production build ...
